(void) void
Reverted with: Negative count not allowed
Bye-bye!
