(void) void
(string) "Alice"
(void) void
(string) "Bob"
Bye-bye!
