(string) "positive"
(string) "zero"
(string) "negative"
(int) 5
(int) 7
(int) 4
Bye-bye!
