(string) "positive"
(string) "not positive"
Bye-bye!
