(string) "small"
(string) "medium"
(string) "large"
Bye-bye!
