Interpretation error: Undefined name: getSecret
Bye-bye!
