Reverted with: Invalid order
(int) 0
(bool) false
Bye-bye!
