Reverted with: x must be positive
Reverted with: Condition failed
Bye-bye!
