(int) 5
(int) 0
(int) 6
(int) 0
(int) 16
(int) 1
Bye-bye!
