(void) void
(void) void
(string) "Second"
Bye-bye!
