(bool) true
(bool) true
(bool) true
(bool) true
(bool) true
(bool) false
Bye-bye!
