(void) void
(void) void
(void) void
(int) 1
Bye-bye!
