Interpretation error: Undefined name: secret
Bye-bye!
