Reverted with: Too big
(void) void
(int) 7
(bool) true
Bye-bye!
