(int) 3
(int) 2
(int) 28
(int) 5
(int) 2
Bye-bye!
