(bool) false
(bool) true
(bool) false
(bool) true
Bye-bye!
