(void) void
(int) 0
Reverted with: Too big
Bye-bye!
