(void) void
(void) void
(string) "Alice"
(string) "Charlie"
Bye-bye!
